[    0.000000] Linux version 4.15.0-74-generic (buildd@lcy01-amd64-022) (gcc version 7.4.0 (Ubuntu 7.4.0-1ubuntu1~18.04.1)) #84-Ubuntu SMP Thu Dec 19 08:06:28 UTC 2019 (Ubuntu 4.15.0-74.84-generic 4.15.18)
[    0.000000] Command line: BOOT_IMAGE=/boot/vmlinuz-4.15.0-74-generic root=UUID=6e78fb74-a8ac-4dab-959f-ef66ca318e15 ro console=tty1 console=ttyS0
[    0.000000] KERNEL supported cpus:
[    0.000000]   Intel GenuineIntel
[    0.000000]   AMD AuthenticAMD
[    0.000000]   Centaur CentaurHauls
[    0.000000] x86/fpu: Supporting XSAVE feature 0x001: 'x87 floating point registers'
[    0.000000] x86/fpu: Supporting XSAVE feature 0x002: 'SSE registers'
[    0.000000] x86/fpu: Supporting XSAVE feature 0x004: 'AVX registers'
[    0.000000] x86/fpu: xstate_offset[2]:  576, xstate_sizes[2]:  256
[    0.000000] x86/fpu: Enabled xstate features 0x7, context size is 832 bytes, using 'standard' format.
[    0.000000] e820: BIOS-provided physical RAM map:
[    0.000000] BIOS-e820: [mem 0x0000000000000000-0x000000000009fbff] usable
[    0.000000] BIOS-e820: [mem 0x000000000009fc00-0x000000000009ffff] reserved
[    0.000000] BIOS-e820: [mem 0x00000000000f0000-0x00000000000fffff] reserved
[    0.000000] BIOS-e820: [mem 0x0000000000100000-0x000000003ffeffff] usable
[    0.000000] BIOS-e820: [mem 0x000000003fff0000-0x000000003fffffff] ACPI data
[    0.000000] BIOS-e820: [mem 0x00000000fec00000-0x00000000fec00fff] reserved
[    0.000000] BIOS-e820: [mem 0x00000000fee00000-0x00000000fee00fff] reserved
[    0.000000] BIOS-e820: [mem 0x00000000fffc0000-0x00000000ffffffff] reserved
[    0.000000] NX (Execute Disable) protection: active
[    0.000000] SMBIOS 2.5 present.
[    0.000000] DMI: innotek GmbH VirtualBox/VirtualBox, BIOS VirtualBox 12/01/2006
[    0.000000] Hypervisor detected: KVM
[    0.000000] e820: last_pfn = 0x3fff0 max_arch_pfn = 0x400000000
[    0.000000] MTRR: Disabled
[    0.000000] x86/PAT: MTRRs disabled, skipping PAT initialization too.
[    0.000000] CPU MTRRs all blank - virtualized system.
[    0.000000] x86/PAT: Configuration [0-7]: WB  WT  UC- UC  WB  WT  UC- UC  
[    0.000000] found SMP MP-table at [mem 0x0009fff0-0x0009ffff]
[    0.000000] Scanning 1 areas for low memory corruption
[    0.000000] RAMDISK: [mem 0x3595f000-0x36ca6fff]
[    0.000000] ACPI: Early table checksum verification disabled
[    0.000000] ACPI: RSDP 0x00000000000E0000 000024 (v02 VBOX  )
[    0.000000] ACPI: XSDT 0x000000003FFF0030 00003C (v01 VBOX   VBOXXSDT 00000001 ASL  00000061)
[    0.000000] ACPI: FACP 0x000000003FFF00F0 0000F4 (v04 VBOX   VBOXFACP 00000001 ASL  00000061)
[    0.000000] ACPI: DSDT 0x000000003FFF0470 0022EA (v02 VBOX   VBOXBIOS 00000002 INTL 20100528)
[    0.000000] ACPI: FACS 0x000000003FFF0200 000040
[    0.000000] ACPI: FACS 0x000000003FFF0200 000040
[    0.000000] ACPI: APIC 0x000000003FFF0240 00005C (v02 VBOX   VBOXAPIC 00000001 ASL  00000061)
[    0.000000] ACPI: SSDT 0x000000003FFF02A0 0001CC (v01 VBOX   VBOXCPUT 00000002 INTL 20100528)
[    0.000000] No NUMA configuration found
[    0.000000] Faking a node at [mem 0x0000000000000000-0x000000003ffeffff]
[    0.000000] NODE_DATA(0) allocated [mem 0x3ffc5000-0x3ffeffff]
[    0.000000] kvm-clock: cpu 0, msr 0:3ff44001, primary cpu clock
[    0.000000] kvm-clock: Using msrs 4b564d01 and 4b564d00
[    0.000000] kvm-clock: using sched offset of 3695166831 cycles
[    0.000000] clocksource: kvm-clock: mask: 0xffffffffffffffff max_cycles: 0x1cd42e4dffb, max_idle_ns: 881590591483 ns
[    0.000000] Zone ranges:
[    0.000000]   DMA      [mem 0x0000000000001000-0x0000000000ffffff]
[    0.000000]   DMA32    [mem 0x0000000001000000-0x000000003ffeffff]
[    0.000000]   Normal   empty
[    0.000000]   Device   empty
[    0.000000] Movable zone start for each node
[    0.000000] Early memory node ranges
[    0.000000]   node   0: [mem 0x0000000000001000-0x000000000009efff]
[    0.000000]   node   0: [mem 0x0000000000100000-0x000000003ffeffff]
[    0.000000] Reserved but unavailable: 98 pages
[    0.000000] Initmem setup node 0 [mem 0x0000000000001000-0x000000003ffeffff]
[    0.000000] ACPI: PM-Timer IO Port: 0x4008
[    0.000000] IOAPIC[0]: apic_id 2, version 32, address 0xfec00000, GSI 0-23
[    0.000000] ACPI: INT_SRC_OVR (bus 0 bus_irq 0 global_irq 2 dfl dfl)
[    0.000000] ACPI: INT_SRC_OVR (bus 0 bus_irq 9 global_irq 9 low level)
[    0.000000] Using ACPI (MADT) for SMP configuration information
[    0.000000] smpboot: Allowing 2 CPUs, 0 hotplug CPUs
[    0.000000] PM: Registered nosave memory: [mem 0x00000000-0x00000fff]
[    0.000000] PM: Registered nosave memory: [mem 0x0009f000-0x0009ffff]
[    0.000000] PM: Registered nosave memory: [mem 0x000a0000-0x000effff]
[    0.000000] PM: Registered nosave memory: [mem 0x000f0000-0x000fffff]
[    0.000000] e820: [mem 0x40000000-0xfebfffff] available for PCI devices
[    0.000000] Booting paravirtualized kernel on KVM
[    0.000000] clocksource: refined-jiffies: mask: 0xffffffff max_cycles: 0xffffffff, max_idle_ns: 7645519600211568 ns
[    0.000000] random: get_random_bytes called from start_kernel+0x99/0x4fd with crng_init=0
[    0.000000] setup_percpu: NR_CPUS:8192 nr_cpumask_bits:2 nr_cpu_ids:2 nr_node_ids:1
[    0.000000] percpu: Embedded 45 pages/cpu s147456 r8192 d28672 u1048576
[    0.000000] PV qspinlock hash table entries: 256 (order: 0, 4096 bytes)
[    0.000000] Built 1 zonelists, mobility grouping on.  Total pages: 257913
[    0.000000] Policy zone: DMA32
[    0.000000] Kernel command line: BOOT_IMAGE=/boot/vmlinuz-4.15.0-74-generic root=UUID=6e78fb74-a8ac-4dab-959f-ef66ca318e15 ro console=tty1 console=ttyS0
[    0.000000] Memory: 982536K/1048120K available (12300K kernel code, 2481K rwdata, 4260K rodata, 2428K init, 2704K bss, 65584K reserved, 0K cma-reserved)
[    0.000000] SLUB: HWalign=64, Order=0-3, MinObjects=0, CPUs=2, Nodes=1
[    0.000000] Kernel/User page tables isolation: enabled
[    0.000000] ftrace: allocating 39322 entries in 154 pages
[    0.004000] Hierarchical RCU implementation.
[    0.004000] 	RCU restricting CPUs from NR_CPUS=8192 to nr_cpu_ids=2.
[    0.004000] 	Tasks RCU enabled.
[    0.004000] RCU: Adjusting geometry for rcu_fanout_leaf=16, nr_cpu_ids=2
[    0.004000] NR_IRQS: 524544, nr_irqs: 440, preallocated irqs: 16
[    0.004000] Console: colour VGA+ 80x25
[    0.004000] console [tty1] enabled
[    0.004000] console [ttyS0] enabled
[    0.004000] ACPI: Core revision 20170831
[    0.004000] ACPI: 2 ACPI AML tables successfully acquired and loaded
[    0.004000] APIC: Switch to symmetric I/O mode setup
[    0.004000] x2apic enabled
[    0.004000] Switched APIC routing to physical x2apic.
[    0.004000] ..TIMER: vector=0x30 apic1=0 pin1=2 apic2=-1 pin2=-1
[    0.004004] tsc: Detected 1392.000 MHz processor
[    0.004781] Calibrating delay loop (skipped) preset value.. 2784.00 BogoMIPS (lpj=5568000)
[    0.005371] pid_max: default: 32768 minimum: 301
[    0.006174] Security Framework initialized
[    0.006871] Yama: becoming mindful.
[    0.008020] AppArmor: AppArmor initialized
[    0.010108] Dentry cache hash table entries: 131072 (order: 8, 1048576 bytes)
[    0.011337] Inode-cache hash table entries: 65536 (order: 7, 524288 bytes)
[    0.012012] Mount-cache hash table entries: 2048 (order: 2, 16384 bytes)
[    0.013107] Mountpoint-cache hash table entries: 2048 (order: 2, 16384 bytes)
[    0.014567] Last level iTLB entries: 4KB 64, 2MB 8, 4MB 8
[    0.016002] Last level dTLB entries: 4KB 64, 2MB 0, 4MB 0, 1GB 4
[    0.016994] Spectre V1 : Mitigation: usercopy/swapgs barriers and __user pointer sanitization
[    0.018404] Spectre V2 : Mitigation: Full generic retpoline
[    0.019324] Spectre V2 : Spectre v2 / SpectreRSB mitigation: Filling RSB on context switch
[    0.020001] Speculative Store Bypass: Vulnerable
[    0.020814] MDS: Mitigation: Clear CPU buffers
[    0.021749] Freeing SMP alternatives memory: 36K
[    0.132474] smpboot: CPU0: Intel(R) Core(TM) i5-8257U CPU @ 1.40GHz (family: 0x6, model: 0x8e, stepping: 0xa)
[    0.134875] Performance Events: unsupported p6 CPU model 142 no PMU driver, software events only.
[    0.136028] Hierarchical SRCU implementation.
[    0.137401] NMI watchdog: Perf event create on CPU 0 failed with -2
[    0.138654] NMI watchdog: Perf NMI watchdog permanently disabled
[    0.140037] smp: Bringing up secondary CPUs ...
[    0.140873] x86: Booting SMP configuration:
[    0.141600] .... node  #0, CPUs:      #1
[    0.004000] kvm-clock: cpu 1, msr 0:3ff44041, secondary cpu clock
[    0.144064] smp: Brought up 1 node, 2 CPUs
[    0.144723] smpboot: Max logical packages: 1
[    0.145479] smpboot: Total of 2 processors activated (5568.00 BogoMIPS)
[    0.148106] devtmpfs: initialized
[    0.148649] x86/mm: Memory block size: 128MB
[    0.149869] evm: security.selinux
[    0.150676] evm: security.SMACK64
[    0.152002] evm: security.SMACK64EXEC
[    0.152663] evm: security.SMACK64TRANSMUTE
[    0.153379] evm: security.SMACK64MMAP
[    0.154114] evm: security.apparmor
[    0.154714] evm: security.ima
[    0.155241] evm: security.capability
[    0.156068] clocksource: jiffies: mask: 0xffffffff max_cycles: 0xffffffff, max_idle_ns: 7645041785100000 ns
[    0.158065] futex hash table entries: 512 (order: 3, 32768 bytes)
[    0.160000] pinctrl core: initialized pinctrl subsystem
[    0.160100] RTC time:  8:49:59, date: 01/29/20
[    0.160979] NET: Registered protocol family 16
[    0.161799] audit: initializing netlink subsys (disabled)
[    0.164030] audit: type=2000 audit(1580287804.421:1): state=initialized audit_enabled=0 res=1
[    0.164100] cpuidle: using governor ladder
[    0.165165] cpuidle: using governor menu
[    0.168036] ACPI: bus type PCI registered
[    0.168743] acpiphp: ACPI Hot Plug PCI Controller Driver version: 0.5
[    0.169909] PCI: Using configuration type 1 for base access
[    0.172037] HugeTLB registered 2.00 MiB page size, pre-allocated 0 pages
[    0.173146] ACPI: Added _OSI(Module Device)
[    0.173146] ACPI: Added _OSI(Processor Device)
[    0.173583] ACPI: Added _OSI(3.0 _SCP Extensions)
[    0.174392] ACPI: Added _OSI(Processor Aggregator Device)
[    0.176003] ACPI: Added _OSI(Linux-Dell-Video)
[    0.176775] ACPI: Added _OSI(Linux-Lenovo-NV-HDMI-Audio)
[    0.177691] ACPI: Added _OSI(Linux-HPI-Hybrid-Graphics)
[    0.178904] ACPI: Executed 1 blocks of module-level executable AML code
[    0.182611] ACPI: Interpreter enabled
[    0.184011] ACPI: (supports S0 S5)
[    0.184610] ACPI: Using IOAPIC for interrupt routing
[    0.185615] PCI: Using host bridge windows from ACPI; if necessary, use "pci=nocrs" and report a bug
[    0.187330] ACPI: Enabled 2 GPEs in block 00 to 07
[    0.193298] ACPI: PCI Root Bridge [PCI0] (domain 0000 [bus 00-ff])
[    0.194989] acpi PNP0A03:00: _OSC: OS supports [ASPM ClockPM Segments MSI]
[    0.196366] acpi PNP0A03:00: _OSC: not requesting OS control; OS requires [ExtendedConfig ASPM ClockPM MSI]
[    0.198015] acpi PNP0A03:00: fail to add MMCONFIG information, can't access extended PCI configuration space under this bridge.
[    0.200342] PCI host bridge to bus 0000:00
[    0.201053] pci_bus 0000:00: root bus resource [io  0x0000-0x0cf7 window]
[    0.202176] pci_bus 0000:00: root bus resource [io  0x0d00-0xffff window]
[    0.204002] pci_bus 0000:00: root bus resource [mem 0x000a0000-0x000bffff window]
[    0.205258] pci_bus 0000:00: root bus resource [mem 0x40000000-0xfdffffff window]
[    0.206543] pci_bus 0000:00: root bus resource [bus 00-ff]
[    0.210092] pci 0000:00:01.1: legacy IDE quirk: reg 0x10: [io  0x01f0-0x01f7]
[    0.211259] pci 0000:00:01.1: legacy IDE quirk: reg 0x14: [io  0x03f6]
[    0.212002] pci 0000:00:01.1: legacy IDE quirk: reg 0x18: [io  0x0170-0x0177]
[    0.213173] pci 0000:00:01.1: legacy IDE quirk: reg 0x1c: [io  0x0376]
[    0.227069] pci 0000:00:07.0: quirk: [io  0x4000-0x403f] claimed by PIIX4 ACPI
[    0.228016] pci 0000:00:07.0: quirk: [io  0x4100-0x410f] claimed by PIIX4 SMB
[    0.238650] ACPI: PCI Interrupt Link [LNKA] (IRQs 5 9 10 *11)
[    0.240277] ACPI: PCI Interrupt Link [LNKB] (IRQs 5 9 *10 11)
[    0.241441] ACPI: PCI Interrupt Link [LNKC] (IRQs 5 *9 10 11)
[    0.242526] ACPI: PCI Interrupt Link [LNKD] (IRQs 5 9 10 *11)
[    0.244146] SCSI subsystem initialized
[    0.244851] pci 0000:00:02.0: vgaarb: setting as boot VGA device
[    0.245032] pci 0000:00:02.0: vgaarb: VGA device added: decodes=io+mem,owns=io+mem,locks=none
[    0.246439] pci 0000:00:02.0: vgaarb: bridge control possible
[    0.248011] vgaarb: loaded
[    0.248521] ACPI: bus type USB registered
[    0.249222] usbcore: registered new interface driver usbfs
[    0.250463] usbcore: registered new interface driver hub
[    0.251483] usbcore: registered new device driver usb
[    0.252042] EDAC MC: Ver: 3.0.0
[    0.252819] PCI: Using ACPI for IRQ routing
[    0.253062] NetLabel: Initializing
[    0.253666] NetLabel:  domain hash size = 128
[    0.256002] NetLabel:  protocols = UNLABELED CIPSOv4 CALIPSO
[    0.256959] NetLabel:  unlabeled traffic allowed by default
[    0.257920] clocksource: Switched to clocksource kvm-clock
[    0.268399] VFS: Disk quotas dquot_6.6.0
[    0.269561] VFS: Dquot-cache hash table entries: 512 (order 0, 4096 bytes)
[    0.271700] AppArmor: AppArmor Filesystem Enabled
[    0.273123] pnp: PnP ACPI init
[    0.275117] pnp: PnP ACPI: found 3 devices
[    0.283575] clocksource: acpi_pm: mask: 0xffffff max_cycles: 0xffffff, max_idle_ns: 2085701024 ns
[    0.285315] NET: Registered protocol family 2
[    0.286229] TCP established hash table entries: 8192 (order: 4, 65536 bytes)
[    0.287455] TCP bind hash table entries: 8192 (order: 5, 131072 bytes)
[    0.289841] TCP: Hash tables configured (established 8192 bind 8192)
[    0.290955] UDP hash table entries: 512 (order: 2, 16384 bytes)
[    0.291974] UDP-Lite hash table entries: 512 (order: 2, 16384 bytes)
[    0.293111] NET: Registered protocol family 1
[    0.293882] pci 0000:00:00.0: Limiting direct PCI/PCI transfers
[    0.294914] pci 0000:00:01.0: Activating ISA DMA hang workarounds
[    0.296014] pci 0000:00:02.0: Video device with shadowed ROM at [mem 0x000c0000-0x000dffff]
[    0.297583] Unpacking initramfs...
[    0.548588] Freeing initrd memory: 19744K
[    0.550244] clocksource: tsc: mask: 0xffffffffffffffff max_cycles: 0x14109b0720d, max_idle_ns: 440795259878 ns
[    0.552084] platform rtc_cmos: registered platform RTC device (no PNP device found)
[    0.553507] Scanning for low memory corruption every 60 seconds
[    0.555090] Initialise system trusted keyrings
[    0.556156] Key type blacklist registered
[    0.556963] workingset: timestamp_bits=36 max_order=18 bucket_order=0
[    0.558739] zbud: loaded
[    0.559631] squashfs: version 4.0 (2009/01/31) Phillip Lougher
[    0.560837] fuse init (API version 7.26)
[    0.563333] Key type asymmetric registered
[    0.564053] Asymmetric key parser 'x509' registered
[    0.564936] Block layer SCSI generic (bsg) driver version 0.4 loaded (major 246)
[    0.566264] io scheduler noop registered
[    0.566959] io scheduler deadline registered
[    0.567725] io scheduler cfq registered (default)
[    0.569108] ACPI: AC Adapter [AC] (off-line)
[    0.569883] input: Power Button as /devices/LNXSYSTM:00/LNXPWRBN:00/input/input0
[    0.571171] ACPI: Power Button [PWRF]
[    0.571871] input: Sleep Button as /devices/LNXSYSTM:00/LNXSLPBN:00/input/input1
[    0.573631] ACPI: Sleep Button [SLPF]
[    0.575413] ACPI: Battery Slot [BAT0] (battery present)
[    0.576107] Serial: 8250/16550 driver, 32 ports, IRQ sharing enabled
[    0.598130] 00:02: ttyS0 at I/O 0x3f8 (irq = 4, base_baud = 115200) is a 16550A
[    0.601076] Linux agpgart interface v0.103
[    0.604074] loop: module loaded
[    0.605245] scsi host0: ata_piix
[    0.606155] scsi host1: ata_piix
[    0.606850] ata1: PATA max UDMA/33 cmd 0x1f0 ctl 0x3f6 bmdma 0xd000 irq 14
[    0.608034] ata2: PATA max UDMA/33 cmd 0x170 ctl 0x376 bmdma 0xd008 irq 15
[    0.609403] libphy: Fixed MDIO Bus: probed
[    0.610157] tun: Universal TUN/TAP device driver, 1.6
[    0.611198] PPP generic driver version 2.4.2
[    0.612000] ehci_hcd: USB 2.0 'Enhanced' Host Controller (EHCI) Driver
[    0.613121] ehci-pci: EHCI PCI platform driver
[    0.613906] ehci-platform: EHCI generic platform driver
[    0.614794] ohci_hcd: USB 1.1 'Open' Host Controller (OHCI) Driver
[    0.615864] ohci-pci: OHCI PCI platform driver
[    0.616686] ohci-platform: OHCI generic platform driver
[    0.617658] uhci_hcd: USB Universal Host Controller Interface driver
[    0.618802] i8042: PNP: PS/2 Controller [PNP0303:PS2K,PNP0f03:PS2M] at 0x60,0x64 irq 1,12
[    0.621019] serio: i8042 KBD port at 0x60,0x64 irq 1
[    0.622067] serio: i8042 AUX port at 0x60,0x64 irq 12
[    0.623010] mousedev: PS/2 mouse device common for all mice
[    0.624212] input: AT Translated Set 2 keyboard as /devices/platform/i8042/serio0/input/input2
[    0.625993] rtc_cmos rtc_cmos: rtc core: registered rtc_cmos as rtc0
[    0.627674] rtc_cmos rtc_cmos: alarms up to one day, 114 bytes nvram
[    0.628790] i2c /dev entries driver
[    0.629535] device-mapper: uevent: version 1.0.3
[    0.630490] device-mapper: ioctl: 4.37.0-ioctl (2017-09-20) initialised: dm-devel@redhat.com
[    0.632323] ledtrig-cpu: registered to indicate activity on CPUs
[    0.633786] NET: Registered protocol family 10
[    0.638055] Segment Routing with IPv6
[    0.638798] NET: Registered protocol family 17
[    0.639737] Key type dns_resolver registered
[    0.640798] mce: Using 0 MCE banks
[    0.641453] RAS: Correctable Errors collector initialized.
[    0.642439] sched_clock: Marking stable (640727576, 0)->(797217985, -156490409)
[    0.644259] registered taskstats version 1
[    0.644997] Loading compiled-in X.509 certificates
[    0.648136] Loaded X.509 cert 'Build time autogenerated kernel key: 62d24f9c726e026b112735485dad6e6e4b50c923'
[    0.649883] zswap: loaded using pool lzo/zbud
[    0.654216] Key type big_key registered
[    0.654963] Key type trusted registered
[    0.657251] Key type encrypted registered
[    0.657969] AppArmor: AppArmor sha1 policy hashing enabled
[    0.658922] ima: No TPM chip found, activating TPM-bypass! (rc=-19)
[    0.659974] ima: Allocated hash algorithm: sha1
[    0.660851] evm: HMAC attrs: 0x1
[    0.661724]   Magic number: 4:782:827
[    0.662402] misc hw_random: hash matches
[    0.663204] rtc_cmos rtc_cmos: setting system clock to 2020-01-29 08:49:59 UTC (1580287799)
[    0.664890] BIOS EDD facility v0.16 2004-Jun-25, 0 devices found
[    0.666122] EDD information not available.
[    0.772951] Freeing unused kernel image memory: 2428K
[    0.784589] Write protecting the kernel read-only data: 20480k
[    0.787460] Freeing unused kernel image memory: 2008K
[    0.789175] Freeing unused kernel image memory: 1884K
[    0.796612] x86/mm: Checked W+X mappings: passed, no W+X pages found.
[    0.798354] x86/mm: Checking user space page tables
[    0.805036] x86/mm: Checked W+X mappings: passed, no W+X pages found.
Loading, please wait...
starting version 237
[    0.865068] e1000: Intel(R) PRO/1000 Network Driver - version 7.3.21-k8-NAPI
[    0.867097] e1000: Copyright (c) 1999-2006 Intel Corporation.
[    0.868399] vboxvideo: loading out-of-tree module taints kernel.
[    0.869869] vboxvideo: module verification failed: signature and/or required key missing - tainting kernel
[    0.873736] [drm] VRAM 01000000
[    0.874534] [TTM] Zone  kernel: Available graphics memory: 504318 kiB
[    0.875607] [TTM] Initializing pool allocator
[    0.876404] [TTM] Initializing DMA pool allocator
[    0.877472] Fusion MPT base driver 3.04.20
[    0.879043] Copyright (c) 1999-2008 LSI Corporation
[    0.879078] fbcon: vboxdrmfb (fb0) is primary device
[    0.880489] Console: switching to colour frame buffer device 100x37
[    0.887307] vboxvideo 0000:00:02.0: fb0: vboxdrmfb frame buffer device
[    0.890088] Fusion MPT SPI Host driver 3.04.20
[    0.895228] AVX2 version of gcm_enc/dec engaged.
[    0.896215] AES CTR mode by8 optimization enabled
[    0.900186] [drm] Initialized vboxvideo 1.0.0 20130823 for 0000:00:02.0 on minor 0
[    1.116216] input: ImExPS/2 Generic Explorer Mouse as /devices/platform/i8042/serio1/input/input4
[    1.292896] e1000 0000:00:03.0 eth0: (PCI:33MHz:32-bit) 02:2d:2b:55:72:30
[    1.294498] e1000 0000:00:03.0 eth0: Intel(R) PRO/1000 Network Connection
[    1.674257] e1000 0000:00:08.0 eth1: (PCI:33MHz:32-bit) 08:00:27:92:ae:67
[    1.675837] e1000 0000:00:08.0 eth1: Intel(R) PRO/1000 Network Connection
[    1.678921] e1000 0000:00:03.0 enp0s3: renamed from eth0
[    1.680401] mptbase: ioc0: Initiating bringup
[    1.696906] e1000 0000:00:08.0 enp0s8: renamed from eth1
[    1.784879] ioc0: LSI53C1030 A0: Capabilities={Initiator}
[    2.026705] scsi host2: ioc0: LSI53C1030 A0, FwRev=00000000h, Ports=1, MaxQ=256, IRQ=20
[    2.196641] scsi 2:0:0:0: Direct-Access     VBOX     HARDDISK         1.0  PQ: 0 ANSI: 5
[    2.232037] scsi target2:0:0: Beginning Domain Validation
[    2.234957] scsi target2:0:0: Domain Validation skipping write tests
[    2.236520] scsi target2:0:0: Ending Domain Validation
[    2.237971] scsi target2:0:0: asynchronous
[    2.239614] scsi 2:0:1:0: Direct-Access     VBOX     HARDDISK         1.0  PQ: 0 ANSI: 5
[    2.272407] scsi target2:0:1: Beginning Domain Validation
[    2.275751] scsi target2:0:1: Domain Validation skipping write tests
[    2.277129] scsi target2:0:1: Ending Domain Validation
[    2.278308] scsi target2:0:1: asynchronous
[    2.282713] sd 2:0:0:0: Attached scsi generic sg0 type 0
[    2.283920] sd 2:0:0:0: [sda] 20971520 512-byte logical blocks: (10.7 GB/10.0 GiB)
[    2.284282] sd 2:0:1:0: Attached scsi generic sg1 type 0
[    2.286791] sd 2:0:0:0: [sda] Write Protect is off
[    2.288068] sd 2:0:1:0: [sdb] 20480 512-byte logical blocks: (10.5 MB/10.0 MiB)
[    2.289790] sd 2:0:0:0: [sda] Incomplete mode parameter data
[    2.290949] sd 2:0:0:0: [sda] Assuming drive cache: write through
[    2.292152] sd 2:0:1:0: [sdb] Write Protect is off
[    2.293387] sd 2:0:1:0: [sdb] Incomplete mode parameter data
[    2.294531] sd 2:0:1:0: [sdb] Assuming drive cache: write through
[    2.295838] random: fast init done
[    2.296993] random: systemd-udevd: uninitialized urandom read (16 bytes read)
[    2.298320] random: systemd-udevd: uninitialized urandom read (16 bytes read)
[    2.299736] random: systemd-udevd: uninitialized urandom read (16 bytes read)
[    2.302380]  sda: sda1
[    2.303654] sd 2:0:0:0: [sda] Attached SCSI disk
[    2.304633] sd 2:0:1:0: [sdb] Attached SCSI disk
Begin: Loading essential drivers ... [    2.456124] raid6: sse2x1   gen() 13030 MB/s
[    2.504459] raid6: sse2x1   xor()  9536 MB/s
[    2.552129] raid6: sse2x2   gen() 16192 MB/s
[    2.600271] raid6: sse2x2   xor() 10659 MB/s
[    2.648193] raid6: sse2x4   gen() 18559 MB/s
[    2.696544] raid6: sse2x4   xor() 11296 MB/s
[    2.744232] raid6: avx2x1   gen() 26160 MB/s
[    2.792016] raid6: avx2x1   xor() 17991 MB/s
[    2.840032] raid6: avx2x2   gen() 28851 MB/s
[    2.888501] raid6: avx2x2   xor() 19528 MB/s
[    2.936178] raid6: avx2x4   gen() 36502 MB/s
[    2.984137] raid6: avx2x4   xor() 21715 MB/s
[    2.985774] raid6: using algorithm avx2x4 gen() 36502 MB/s
[    2.986719] raid6: .... xor() 21715 MB/s, rmw enabled
[    2.987645] raid6: using avx2x2 recovery algorithm
[    2.989649] xor: automatically using best checksumming function   avx       
[    2.992314] async_tx: api initialized (async)
done.
Begin: Running /scripts/init-premount ... done.
Begin: Mounting root file system ... Begin: Running /scripts/local-top ... done.
Begin: Running /scripts/local-premount ... [    3.030914] Btrfs loaded, crc32c=crc32c-intel
Scanning for Btrfs filesystems
done.
Warning: fsck not present, so skipping root file system
[    3.054375] EXT4-fs (sda1): mounted filesystem with ordered data mode. Opts: (null)
done.
Begin: Running /scripts/local-bottom ... done.
Begin: Running /scripts/init-bottom ... done.
[    3.243452] ip_tables: (C) 2000-2006 Netfilter Core Team
[    3.252319] systemd[1]: systemd 237 running in system mode. (+PAM +AUDIT +SELINUX +IMA +APPARMOR +SMACK +SYSVINIT +UTMP +LIBCRYPTSETUP +GCRYPT +GNUTLS +ACL +XZ +LZ4 +SECCOMP +BLKID +ELFUTILS +KMOD -IDN2 +IDN -PCRE2 default-hierarchy=hybrid)
[    3.255910] systemd[1]: Detected virtualization oracle.
[    3.256928] systemd[1]: Detected architecture x86-64.

Welcome to [1mUbuntu 18.04.3 LTS[0m!

[    3.261980] systemd[1]: Set hostname to <ubuntu-bionic>.
[    3.566490] systemd[1]: Set up automount Arbitrary Executable File Formats File System Automount Point.
[[0;32m  OK  [0m] Set up automount Arbitrary Executabâ€¦rmats File System Automount Point.
[    3.570484] systemd[1]: Created slice User and Session Slice.
[[0;32m  OK  [0m] Created slice User and Session Slice.
[    3.581057] systemd[1]: Reached target System Time Synchronized.
[[0;32m  OK  [0m] Reached target System Time Synchronized.
[    3.583712] systemd[1]: Reached target Swap.
[[0;32m  OK  [0m] Reached target Swap.
[    3.585475] systemd[1]: Reached target User and Group Name Lookups.
[[0;32m  OK  [0m] Reached target User and Group Name Lookups.
[    3.587299] systemd[1]: Started Forward Password Requests to Wall Directory Watch.
[[0;32m  OK  [0m] Started Forward Password Requests to Wall Directory Watch.
[[0;32m  OK  [0m] Created slice System Slice.
[[0;32m  OK  [0m] Listening on Journal Socket.
         Starting Create list of required stâ€¦ce nodes for the current kernel...
[[0;32m  OK  [0m] Listening on Journal Socket (/dev/log).
[[0;32m  OK  [0m] Listening on Journal Audit Socket.
[[0;32m  OK  [0m] Listening on Device-mapper event daemon FIFOs.
[[0;32m  OK  [0m] Listening on LVM2 poll daemon socket.
         Mounting Huge Pages File System...
[[0;32m  OK  [0m] Listening on udev Control Socket.
[[0;32m  OK  [0m] Listening on Network Service Netlink Socket.
[[0;32m  OK  [0m] Listening on Syslog Socket.
[[0;32m  OK  [0m] Listening on udev Kernel Socket.
         Starting udev Coldplug all Devices...
         Starting Remount Root and Kernel File Systems...
         Starting Set the console keyboard layout...
[    3.614625] EXT4-fs (sda1): re-mounted. Opts: (null)
         Starting Journal Service...
         Mounting Kernel Debug File System...
         Starting Uncomplicated firewall...
[[0;32m  OK  [0m] Reached target Slices.
[[0;32m  OK  [0m] Created slice system-serial\x2dgetty.slice.
[[0;32m  OK  [0m] Listening on /dev/initctl Compatibility Named Pipe.
[[0;32m  OK  [0m] Listening on LVM2 metadata daemon socket.
         Starting Monitoring of LVM2 mirrorsâ€¦ng dmeventd or progress polling...
         Mounting POSIX Message Queue File System...
         Starting Load Kernel Modules...
[[0;32m  OK  [0m] Started Create list of required staâ€¦vice nodes for the current kernel.
[[0;32m  OK  [0m] Mounted Huge Pages File System.
[[0;32m  OK  [0m] Started Remount Root and Kernel File Systems.
[[0;32m  OK  [0m] Mounted Kernel Debug File System.
[[0;32m  OK  [0m] Started Uncomplicated firewall.
[[0;32m  OK  [0m] Mounted POSIX Message Queue File System.
[[0;32m  OK  [0m] Started LVM2 metadata daemon.
[    3.710325] Loading iSCSI transport class v2.0-870.
         Starting Load/Save Random Seed...
         Starting Create Static Device Nodes in /dev...
[[0;32m  OK  [0m] Started Journal Service.
[[0;32m  OK  [0m] Started udev Coldplug all Devices.
[    3.743778] iscsi: registered transport (tcp)
         Starting Flush Journal to Persistent Storage...
[    3.764117] iscsi: registered transport (iser)
[[0;32m  OK  [0m] Started Load Kernel Modules.
[[0;32m  OK  [0m] Started Monitoring of LVM2 mirrors,â€¦sing dmeventd or progress polling.
[[0;32m  OK  [0m] Started Load/Save Random Seed.
         Mounting FUSE Control File System...
         Mounting Kernel Configuration File System...
         Starting Apply Kernel Variables...
[[0;32m  OK  [0m] Started Create Static Device Nodes in /dev.
[[0;32m  OK  [0m] Mounted FUSE Control File System.
[[0;32m  OK  [0m] Mounted Kernel Configuration File System.
[[0;32m  OK  [0m] Started Apply Kernel Variables.
         Starting udev Kernel Device Manager...
[[0;32m  OK  [0m] Started Set the console keyboard layout.
[[0;32m  OK  [0m] Reached target Local File Systems (Pre).
[[0;32m  OK  [0m] Reached target Local File Systems.
         Starting AppArmor initialization...
         Starting Set console font and keymap...
         Starting ebtables ruleset management...
         Starting Tell Plymouth To Write Out Runtime Data...
[[0;32m  OK  [0m] Started udev Kernel Device Manager.
[[0;32m  OK  [0m] Started Dispatch Password Requests to Console Directory Watch.
[[0;32m  OK  [0m] Reached target Local Encrypted Volumes.
[[0;32m  OK  [0m] Started Set console font and keymap.
[[0;32m  OK  [0m] Started Tell Plymouth To Write Out Runtime Data.
[[0;32m  OK  [0m] Found device /dev/ttyS0.
[[0;32m  OK  [0m] Started ebtables ruleset management.
[[0;32m  OK  [0m] Started Flush Journal to Persistent Storage.
         Starting Create Volatile Files and Directories...
[[0;32m  OK  [0m] Started Create Volatile Files and Directories.
         Starting Update UTMP about System Boot/Shutdown...
[[0;32m  OK  [0m] Listening on Load/Save RF Kill Switch Status /dev/rfkill Watch.
[[0;32m  OK  [0m] Started Update UTMP about System Boot/Shutdown.
[[0;32m  OK  [0m] Started AppArmor initialization.
         Starting Initial cloud-init job (pre-networking)...
[    5.286394] cloud-init[581]: Cloud-init v. 19.2-36-g059d049c-0ubuntu2~18.04.1 running 'init-local' at Wed, 29 Jan 2020 08:50:03 +0000. Up 5.08 seconds.
[[0;32m  OK  [0m] Started Initial cloud-init job (pre-networking).
[[0;32m  OK  [0m] Reached target Network (Pre).
         Starting Network Service...
[[0;32m  OK  [0m] Started Network Service.
         Starting Network Name Resolution...
         Starting Wait for Network to be Configured...
[[0;32m  OK  [0m] Started Network Name Resolution.
[[0;32m  OK  [0m] Reached target Host and Network Name Lookups.
[[0;32m  OK  [0m] Reached target Network.
[[0;32m  OK  [0m] Started Wait for Network to be Configured.
         Starting Initial cloud-init job (metadata service crawler)...
[    7.759721] cloud-init[708]: Cloud-init v. 19.2-36-g059d049c-0ubuntu2~18.04.1 running 'init' at Wed, 29 Jan 2020 08:50:06 +0000. Up 7.64 seconds.
[    7.761441] cloud-init[708]: ci-info: ++++++++++++++++++++++++++++++++++++++Net device info+++++++++++++++++++++++++++++++++++++++
[    7.763216] cloud-init[708]: ci-info: +--------+------+-----------------------------+---------------+--------+-------------------+
[    7.776189] cloud-init[708]: ci-info: | Device |  Up  |           Address           |      Mask     | Scope  |     Hw-Address    |
[    7.777287] cloud-init[708]: ci-info: +--------+------+-----------------------------+---------------+--------+-------------------+
[    7.778757] cloud-init[708]: ci-info: | enp0s3 | True |          10.0.2.15          | 255.255.255.0 | global | 02:2d:2b:55:72:30 |
[    7.780371] cloud-init[708]: ci-info: | enp0s3 | True |  fe80::2d:2bff:fe55:7230/64 |       .       |  link  | 02:2d:2b:55:72:30 |
[    7.781939] cloud-init[708]: ci-info: | enp0s8 | True |        192.168.33.10        | 255.255.255.0 | global | 08:00:27:92:ae:67 |
[    7.783524] cloud-init[708]: ci-info: | enp0s8 | True | fe80::a00:27ff:fe92:ae67/64 |       .       |  link  | 08:00:27:92:ae:67 |
[    7.784844] cloud-init[708]: ci-info: |   lo   | True |          127.0.0.1          |   255.0.0.0   |  host  |         .         |
[    7.786414] cloud-init[708]: ci-info: |   lo   | True |           ::1/128           |       .       |  host  |         .         |
[    7.787975] cloud-init[708]: ci-info: +--------+------+-----------------------------+---------------+--------+-------------------+
[    7.789556] cloud-init[708]: ci-info: +++++++++++++++++++++++++++++Route IPv4 info+++++++++++++++++++++++++++++
[    7.790924] cloud-init[708]: ci-info: +-------+--------------+----------+-----------------+-----------+-------+
[    7.792300] cloud-init[708]: ci-info: | Route | Destination  | Gateway  |     Genmask     | Interface | Flags |
[    7.793637] cloud-init[708]: ci-info: +-------+--------------+----------+-----------------+-----------+-------+
[    7.794976] cloud-init[708]: ci-info: |   0   |   0.0.0.0    | 10.0.2.2 |     0.0.0.0     |   enp0s3  |   UG  |
[    7.796336] cloud-init[708]: ci-info: |   1   |   10.0.2.0   | 0.0.0.0  |  255.255.255.0  |   enp0s3  |   U   |
[    7.797682] cloud-init[708]: ci-info: |   2   |   10.0.2.2   | 0.0.0.0  | 255.255.255.255 |   enp0s3  |   UH  |
[    7.799025] cloud-init[708]: ci-info: |   3   | 192.168.33.0 | 0.0.0.0  |  255.255.255.0  |   enp0s8  |   U   |
[    7.800389] cloud-init[708]: ci-info: +-------+--------------+----------+-----------------+-----------+-------+
[    7.801738] cloud-init[708]: ci-info: +++++++++++++++++++Route IPv6 info+++++++++++++++++++
[    7.802892] cloud-init[708]: ci-info: +-------+-------------+---------+-----------+-------+
[    7.804045] cloud-init[708]: ci-info: | Route | Destination | Gateway | Interface | Flags |
[    7.805188] cloud-init[708]: ci-info: +-------+-------------+---------+-----------+-------+
[    7.806308] cloud-init[708]: ci-info: |   1   |  fe80::/64  |    ::   |   enp0s8  |   U   |
[    7.807435] cloud-init[708]: ci-info: |   2   |  fe80::/64  |    ::   |   enp0s3  |   U   |
[    7.808587] cloud-init[708]: ci-info: |   4   |    local    |    ::   |   enp0s3  |   U   |
[    7.809708] cloud-init[708]: ci-info: |   5   |    local    |    ::   |   enp0s8  |   U   |
[    7.810823] cloud-init[708]: ci-info: |   6   |   ff00::/8  |    ::   |   enp0s8  |   U   |
[    7.811944] cloud-init[708]: ci-info: |   7   |   ff00::/8  |    ::   |   enp0s3  |   U   |
[    7.813092] cloud-init[708]: ci-info: +-------+-------------+---------+-----------+-------+
[[0;32m  OK  [0m] Started Initial cloud-init job (metadata service crawler).
[[0;32m  OK  [0m] Reached target Network is Online.
[[0;32m  OK  [0m] Reached target Remote File Systems (Pre).
[[0;32m  OK  [0m] Reached target Remote File Systems.
         Starting Availability of block devices...
[[0;32m  OK  [0m] Reached target Cloud-config availability.
[[0;32m  OK  [0m] Reached target System Initialization.
[[0;32m  OK  [0m] Listening on ACPID Listen Socket.
[[0;32m  OK  [0m] Started Discard unused blocks once a week.
[[0;32m  OK  [0m] Started Daily apt download activities.
[[0;32m  OK  [0m] Started Daily Cleanup of Temporary Directories.
[[0;32m  OK  [0m] Started Daily apt upgrade and clean activities.
         Starting LXD - unix socket.
[[0;32m  OK  [0m] Listening on D-Bus System Message Bus Socket.
[[0;32m  OK  [0m] Started ACPI Events Check.
[[0;32m  OK  [0m] Reached target Paths.
[[0;32m  OK  [0m] Listening on UUID daemon activation socket.
         Starting Socket activation for snappy daemon.
[[0;32m  OK  [0m] Started Message of the Day.
[[0;32m  OK  [0m] Reached target Timers.
[[0;32m  OK  [0m] Listening on Open-iSCSI iscsid Socket.
[[0;32m  OK  [0m] Started Availability of block devices.
[[0;32m  OK  [0m] Listening on LXD - unix socket.
[[0;32m  OK  [0m] Listening on Socket activation for snappy daemon.
[[0;32m  OK  [0m] Reached target Sockets.
[[0;32m  OK  [0m] Reached target Basic System.
         Starting LSB: Record successful boot for GRUB...
[[0;32m  OK  [0m] Started FUSE filesystem for LXC.
[[0;32m  OK  [0m] Started irqbalance daemon.
         Starting vboxadd.service...
[[0;32m  OK  [0m] Started Deferred execution scheduler.
[[0;32m  OK  [0m] Started D-Bus System Message Bus.
         Starting Dispatcher daemon for systemd-networkd...
         Starting OpenBSD Secure Shell server...
         Starting Accounts Service...
[[0;32m  OK  [0m] Started Regular background program processing daemon.
         Starting Login Service...
         Starting System Logging Service...
         Starting Snappy daemon...
         Starting LSB: automatic crash report generation...
         Starting Permit User Sessions...
         Starting LXD - container startup/shutdown...
[[0;32m  OK  [0m] Started Login Service.
[[0;32m  OK  [0m] Started System Logging Service.
[[0;32m  OK  [0m] Started Permit User Sessions.
[[0;32m  OK  [0m] Started OpenBSD Secure Shell server.
         Starting Terminate Plymouth Boot Screen...
         Starting Hold until boot process finishes up...
         Starting Authorization Manager...
[[0;32m  OK  [0m] Started Unattended Upgrades Shutdown.
[[0;32m  OK  [0m] Started Terminate Plymouth Boot Screen.
[[0;32m  OK  [0m] Started Hold until boot process finishes up.
         Starting Set console scheme...
[[0;32m  OK  [0m] Started Serial Getty on ttyS0.
[[0;32m  OK  [0m] Started Set console scheme.
[[0;32m  OK  [0m] Created slice system-getty.slice.
[[0;32m  OK  [0m] Started Getty on tty1.
[[0;32m  OK  [0m] Reached target Login Prompts.
[[0;32m  OK  [0m] Started LSB: Record successful boot for GRUB.
[[0;32m  OK  [0m] Started Authorization Manager.
[[0;32m  OK  [0m] Started Accounts Service.
[[0;32m  OK  [0m] Started LSB: automatic crash report generation.
[[0;32m  OK  [0m] Started LXD - container startup/shutdown.
[[0;32m  OK  [0m] Started Snappy daemon.
         Starting Wait until snapd is fully seeded...
[[0;32m  OK  [0m] Started Dispatcher daemon for systemd-networkd.
[[0;32m  OK  [0m] Started Wait until snapd is fully seeded.
         Starting Apply the settings specified in cloud-config...
[[0;32m  OK  [0m] Started vboxadd.service.
         Starting vboxadd-service.service...
[[0;32m  OK  [0m] Started vboxadd-service.service.
[[0;32m  OK  [0m] Reached target Multi-User System.
[[0;32m  OK  [0m] Reached target Graphical Interface.
         Starting Update UTMP about System Runlevel Changes...
[[0;32m  OK  [0m] Started Update UTMP about System Runlevel Changes.
[   10.039742] cloud-init[1191]: Cloud-init v. 19.2-36-g059d049c-0ubuntu2~18.04.1 running 'modules:config' at Wed, 29 Jan 2020 08:50:08 +0000. Up 9.95 seconds.
[[0;32m  OK  [0m] Started Apply the settings specified in cloud-config.
         Starting Execute cloud user/final scripts...
[   10.434099] cloud-init[1349]: Cloud-init v. 19.2-36-g059d049c-0ubuntu2~18.04.1 running 'modules:final' at Wed, 29 Jan 2020 08:50:09 +0000. Up 10.34 seconds.
[   10.436254] cloud-init[1349]: Cloud-init v. 19.2-36-g059d049c-0ubuntu2~18.04.1 finished at Wed, 29 Jan 2020 08:50:09 +0000. Datasource DataSourceNoCloud [seed=/dev/sdb][dsmode=net].  Up 10.42 seconds
[[0;32m  OK  [0m] Started Execute cloud user/final scripts.
[[0;32m  OK  [0m] Reached target Cloud-init target.

Ubuntu 18.04.3 LTS ubuntu-bionic ttyS0

ubuntu-bionic login: 